    Blocking waiting for file lock on build directory
   Compiling libc v0.2.186
   Compiling bitflags v2.11.1
   Compiling smallvec v1.15.1
   Compiling quote v1.0.45
   Compiling log v0.4.29
   Compiling serde_core v1.0.228
   Compiling once_cell v1.21.4
   Compiling crc32fast v1.5.0
   Compiling pin-project-lite v0.2.17
   Compiling core-foundation-sys v0.8.7
   Compiling regex-syntax v0.8.10
   Compiling num-traits v0.2.19
   Compiling aho-corasick v1.1.4
   Compiling scopeguard v1.2.0
   Compiling kurbo v0.11.3
   Compiling tracing-core v0.1.36
   Compiling flate2 v1.1.9
   Compiling lock_api v0.4.14
   Compiling syn v2.0.117
   Compiling rustybuzz v0.20.1
   Compiling errno v0.3.14
   Compiling getrandom v0.4.2
   Compiling memmap2 v0.9.10
   Compiling parking_lot_core v0.9.12
   Compiling rustix v1.1.4
   Compiling fontdb v0.23.0
   Compiling parking_lot v0.12.5
   Compiling png v0.17.16
   Compiling svgtypes v0.15.3
   Compiling simplecss v0.2.2
   Compiling either v1.18.0
   Compiling lazy_static v1.5.0
   Compiling powerfmt v0.2.0
   Compiling sharded-slab v0.1.7
   Compiling deranged v0.5.8
   Compiling which v7.0.3
   Compiling tiny-skia v0.11.4
   Compiling crossbeam-utils v0.8.21
   Compiling signal-hook-registry v1.4.8
   Compiling regex-automata v0.4.14
   Compiling socket2 v0.6.3
   Compiling mio v1.2.0
   Compiling tracing-log v0.2.0
   Compiling iana-time-zone v0.1.65
   Compiling thread_local v1.1.9
   Compiling option-ext v0.2.0
   Compiling bytes v1.11.1
   Compiling usvg v0.45.1
   Compiling time-core v0.1.8
   Compiling byteorder v1.5.0
   Compiling nu-ansi-term v0.50.3
   Compiling num-conv v0.2.1
   Compiling hash32 v0.2.1
   Compiling time v0.3.47
   Compiling dirs-sys v0.5.0
   Compiling uuid v1.23.1
   Compiling crossbeam-channel v0.5.15
   Compiling luajit-src v210.5.12+a4f56a4
   Compiling core-foundation v0.10.1
   Compiling security-framework-sys v2.17.0
   Compiling cpufeatures v0.2.17
   Compiling stable_deref_trait v1.2.1
   Compiling symlink v0.1.0
   Compiling winnow v0.5.40
   Compiling mlua-sys v0.6.8
   Compiling sha2 v0.10.9
   Compiling security-framework v3.7.0
   Compiling serde_json v1.0.149
   Compiling dirs v6.0.0
   Compiling getrandom v0.3.4
   Compiling fs2 v0.4.3
   Compiling wait-timeout v0.2.1
   Compiling rand_core v0.9.5
   Compiling typeid v1.0.3
   Compiling ordered-float v2.10.1
   Compiling futures-core v0.3.32
   Compiling slab v0.4.12
   Compiling futures-task v0.3.32
   Compiling erased-serde v0.4.10
   Compiling futures-util v0.3.32
   Compiling resvg v0.45.1
   Compiling keyring v3.6.3
   Compiling serde_derive v1.0.228
   Compiling thiserror-impl v2.0.18
   Compiling tracing-attributes v0.1.31
   Compiling tokio-macros v2.7.0
   Compiling async-trait v0.1.89
   Compiling matchers v0.2.0
   Compiling tokio v1.52.2
   Compiling regex v1.12.3
   Compiling tillandsias-core v56.9.27 (/Users/tlatoani/opencode/tillandsias/crates/tillandsias-core)
   Compiling thiserror v2.0.18
   Compiling zerocopy v0.8.48
   Compiling tracing v0.1.44
   Compiling cobs v0.3.0
   Compiling bstr v1.13.1
   Compiling tracing-subscriber v0.3.23
   Compiling fastrand v2.4.1
   Compiling tillandsias-plan v0.1.0 (/Users/tlatoani/opencode/tillandsias/crates/tillandsias-plan)
   Compiling rustc-hash v2.1.3
   Compiling redb v4.3.0
   Compiling quick-error v1.2.3
   Compiling bit-vec v0.8.0
   Compiling tempfile v3.27.0
   Compiling fnv v1.0.7
   Compiling rusty-fork v0.3.1
   Compiling bit-set v0.8.0
   Compiling rand v0.9.4
   Compiling rand_xorshift v0.4.0
   Compiling unarray v0.1.4
   Compiling tracing-appender v0.2.5
   Compiling serde v1.0.228
   Compiling toml_datetime v0.6.3
   Compiling serde_spanned v0.6.9
   Compiling chrono v0.4.44
   Compiling heapless v0.7.17
   Compiling serde-value v0.7.0
   Compiling serde_yaml v0.9.34+deprecated
   Compiling toml_edit v0.20.2
   Compiling postcard v1.1.3
   Compiling tillandsias-msg v0.1.0 (/Users/tlatoani/opencode/tillandsias/crates/tillandsias-msg)
   Compiling mlua v0.10.5
   Compiling ppv-lite86 v0.2.21
   Compiling toml v0.8.2
   Compiling tillandsias-logging v0.1.260513 (/Users/tlatoani/opencode/tillandsias/crates/tillandsias-logging)
   Compiling tillandsias-exec v0.1.0 (/Users/tlatoani/opencode/tillandsias/crates/tillandsias-exec)
   Compiling rand_chacha v0.9.0
   Compiling proptest v1.11.0
   Compiling tillandsias-podman v56.9.27 (/Users/tlatoani/opencode/tillandsias/crates/tillandsias-podman)
    Finished `test` profile [unoptimized + debuginfo] target(s) in 1m 04s
     Running tests/command_policy_doors.rs (target/debug/deps/command_policy_doors-ad135066e720d2aa)

running 6 tests
test inspection_preserves_one_use_consent_for_first_actual_harmless_execution ... ok
test lua_worker ... ok
test only_absent_default_seed_preserves_existing_floor ... ok
test proc_execution_alone_consumes_one_use_consent ... ok
test refused_seed_never_relaxes_default_deny_or_spawns_at_any_door ... ok
test sh_execution_alone_consumes_one_use_consent ... ok

test result: ok. 6 passed; 0 failed; 0 ignored; 0 measured; 0 filtered out; finished in 0.71s

